
[TestRule/success - 1]

---

[TestRule/failed - 1]
Found 1 errors and 0 warnings
[NoUnnamedMethodPayloadType]: error in service "calc2" method "add_numbers2": Method payload should be an user defined type

---

[TestRule/failed/int - 1]
Found 1 errors and 0 warnings
[NoUnnamedMethodPayloadType]: error in service "calc3" method "add_numbers3": Method payload should be an user defined type

---

[TestRule/failed/object - 1]
Found 1 errors and 0 warnings
[NoUnnamedMethodPayloadType]: error in service "calc2" method "add_numbers2": Method payload should be an user defined type

---
